fn _naga_oil__mod__N53GK4TSNFSGCYTMMU__member__func() -> f32 {
    return 1.0;
}

fn _naga_oil__mod__OBWHKZ3JNY__member___naga_oil__vrt__N53GK4TSNFSGCYTMMU__member__func() -> f32 {
    let _e0: f32 = _naga_oil__mod__N53GK4TSNFSGCYTMMU__member__func();
    return (_e0 + 1.0);
}

fn entry_point() -> f32 {
    let _e0: f32 = _naga_oil__mod__OBWHKZ3JNY__member___naga_oil__vrt__N53GK4TSNFSGCYTMMU__member__func();
    return _e0;
}

