fn _naga_oil_mod_NVXWI_member_f() -> f32 {
    var x: f32 = 0.0;

    x = 1.0;
    let _e2: f32 = x;
    return _e2;
}

fn main() -> f32 {
    let _e0: f32 = _naga_oil_mod_NVXWI_member_f();
    return _e0;
}

