const _naga_oil_mod_ME_memberC: u32 = 1u;

fn main() -> u32 {
    return _naga_oil_mod_ME_memberC;
}

