let _naga_oil__mod__MNXW443UOM__member__PI: f32 = 3.0999999046325684;

fn _naga_oil__mod__ME__member__f() -> f32 {
    return (_naga_oil__mod__MNXW443UOM__member__PI * 1.0);
}

fn _naga_oil__mod__MI__member__f() -> f32 {
    return (_naga_oil__mod__MNXW443UOM__member__PI * 2.0);
}

fn _naga_oil__mod__MI__member__g() -> f32 {
    return (_naga_oil__mod__MNXW443UOM__member__PI * 2.0);
}

fn main() -> f32 {
    let _e0: f32 = _naga_oil__mod__ME__member__f();
    let _e1: f32 = _naga_oil__mod__MI__member__f();
    return (_e0 * _e1);
}

