[0m[1m[38;5;9merror[0m[1m: failed to build a valid final module: Function [2] 'func' is invalid[0m
  [0m[34mâ”Œâ”€[0m tests/error_test/wgsl_valid_err.wgsl:7:1
  [0m[34mâ”‚[0m  
[0m[34m7[0m [0m[34mâ”‚[0m [0m[31mâ•­[0m [0m[31mfn func() -> f32 {[0m
[0m[34m8[0m [0m[34mâ”‚[0m [0m[31mâ”‚[0m [0m[31m    return 1u;[0m
  [0m[34mâ”‚[0m [0m[31mâ”‚[0m            [0m[31m^^[0m [0m[31mnaga::Expression [1][0m
  [0m[34mâ”‚[0m [0m[31mâ•°[0m[0m[31mâ”€â”€â”€â”€â”€â”€â”€â”€â”€â”€â”€â”€â”€â”€^ naga::Function [2][0m
  [0m[34mâ”‚[0m  
  [0m[34m=[0m The `return` value Some([1]) does not match the function return value

