[0m[1m[38;5;9merror[0m[1m: no definition in scope for identifier: 'zdd'[0m
   [0m[36mâ”Œâ”€[0m tests/error_test/wgsl_parse_err.wgsl:16:12
   [0m[36mâ”‚[0m
[0m[36m16[0m [0m[36mâ”‚[0m     return [0m[31mzdd[0m; 
   [0m[36mâ”‚[0m            [0m[31m^^^[0m [0m[31munknown identifier[0m
   [0m[36mâ”‚[0m
   [0m[36m=[0m no definition in scope for identifier: 'zdd'

