[0m[1m[38;5;9merror[0m[1m: required import 'missing' not found[0m
  [0m[34mâ”Œâ”€[0m tests/error_test/include.wgsl:7:1
  [0m[34mâ”‚[0m
[0m[34m7[0m [0m[34mâ”‚[0m [0m[31m#[0mimport missing
  [0m[34mâ”‚[0m [0m[31m^[0m
  [0m[34mâ”‚[0m
  [0m[34m=[0m missing import 'missing'

