Module { types: {[1]: Type { name: None, inner: Scalar { kind: Float, width: 4 } }}, constants: {[1]: Constant { name: None, specialization: None, inner: Scalar { width: 4, value: Float(1.0) } }}, global_variables: {}, functions: {[1]: Function { name: Some("_naga_oil_mod__inc__hello"), arguments: [], result: Some(FunctionResult { ty: [1], binding: None }), local_variables: {}, expressions: {[1]: Constant([1])}, named_expressions: {}, body: Block { body: [Return { value: Some([1]) }], span_info: [Span { start: 2097196, end: 2097212 }] } }, [2]: Function { name: Some("main"), arguments: [], result: Some(FunctionResult { ty: [1], binding: None }), local_variables: {}, expressions: {[1]: CallResult([1])}, named_expressions: {[1]: "x"}, body: Block { body: [Call { function: [1], arguments: [], result: Some([1]) }, Return { value: Some([1]) }], span_info: [Span { start: 93, end: 121 }, Span { start: 122, end: 136 }] } }}, entry_points: [] }