fn _naga_oil__mod__NFXGG3DVMRSQ__member__non_ep(f: f32) -> f32 {
    return (f * 2.0);
}

fn _naga_oil__mod__NFXGG3DVMRSQ__member__fragment(@builtin(position) frag_coord_1: vec4<f32>) -> @location(0) vec4<f32> {
    return vec4<f32>(1.0);
}

@fragment 
fn fragment(@builtin(position) frag_coord: vec4<f32>) -> @location(0) vec4<f32> {
    let _e1: vec4<f32> = _naga_oil__mod__NFXGG3DVMRSQ__member__fragment(frag_coord);
    return _e1;
}
